../STM32_WPAN/App/custom_app.c:116:6:myTask	8	static
../STM32_WPAN/App/custom_app.c:170:6:Custom_STM_App_Notification	16	static
../STM32_WPAN/App/custom_app.c:322:6:Custom_APP_Notification	16	static
../STM32_WPAN/App/custom_app.c:359:6:Custom_APP_Init	4	static
../STM32_WPAN/App/custom_app.c:378:6:Custom_Mode_Update_Char	16	static
../STM32_WPAN/App/custom_app.c:398:6:Custom_Mode_Send_Notification	16	static
../STM32_WPAN/App/custom_app.c:418:6:Custom_Battery_v_Update_Char	16	static
../STM32_WPAN/App/custom_app.c:438:6:Custom_Battery_v_Send_Notification	16	static
../STM32_WPAN/App/custom_app.c:458:6:Custom_Mcu_temp_Update_Char	16	static
../STM32_WPAN/App/custom_app.c:478:6:Custom_Mcu_temp_Send_Notification	16	static
../STM32_WPAN/App/custom_app.c:499:6:Custom_Bme_iaq_Update_Char	16	static
../STM32_WPAN/App/custom_app.c:519:6:Custom_Bme_iaq_Send_Notification	16	static
../STM32_WPAN/App/custom_app.c:539:6:Custom_Bme_temp_Update_Char	24	static
../STM32_WPAN/App/custom_app.c:559:6:Custom_Bme_temp_Send_Notification	16	static
../STM32_WPAN/App/custom_app.c:579:6:Custom_Bme_hum_Update_Char	24	static
../STM32_WPAN/App/custom_app.c:599:6:Custom_Bme_hum_Send_Notification	16	static
../STM32_WPAN/App/custom_app.c:619:6:Custom_Bme_press_Update_Char	16	static
../STM32_WPAN/App/custom_app.c:639:6:Custom_Bme_press_Send_Notification	16	static
../STM32_WPAN/App/custom_app.c:660:6:Custom_Co_Update_Char	16	static
../STM32_WPAN/App/custom_app.c:680:6:Custom_Co_Send_Notification	16	static
../STM32_WPAN/App/custom_app.c:700:6:Custom_Nh3_Update_Char	16	static
../STM32_WPAN/App/custom_app.c:720:6:Custom_Nh3_Send_Notification	16	static
../STM32_WPAN/App/custom_app.c:740:6:Custom_No2_Update_Char	16	static
../STM32_WPAN/App/custom_app.c:760:6:Custom_No2_Send_Notification	16	static
