../Core/Src/bme280.c:10:6:Error	4	static
../Core/Src/bme280.c:14:9:BME280_ReadStatus	16	static
../Core/Src/bme280.c:20:6:BME280_Init	8	static
../Core/Src/bme280.c:38:6:I2Cx_WriteData	40	static
../Core/Src/bme280.c:46:9:I2Cx_ReadData	40	static
../Core/Src/bme280.c:54:6:I2Cx_ReadData16	40	static
../Core/Src/bme280.c:62:6:I2Cx_ReadData24	40	static
../Core/Src/bme280.c:68:6:BME280_WriteReg	16	static
../Core/Src/bme280.c:72:9:BME280_ReadReg	24	static
../Core/Src/bme280.c:77:6:BME280_ReadReg_U16	16	static
../Core/Src/bme280.c:81:6:BME280_ReadReg_S16	16	static
../Core/Src/bme280.c:85:6:BME280_ReadCoefficients	16	static
../Core/Src/bme280.c:144:6:BME280_SetStandby	24	static
../Core/Src/bme280.c:151:6:BME280_SetFilter	24	static
../Core/Src/bme280.c:158:6:BME280_SetOversamplingTemper	24	static
../Core/Src/bme280.c:166:6:BME280_SetOversamplingPressure	24	static
../Core/Src/bme280.c:174:6:BME280_SetOversamplingHum	24	static
../Core/Src/bme280.c:185:6:BME280_SetMode	24	static
../Core/Src/bme280.c:193:7:BME280_ReadTemperature	24	static
../Core/Src/bme280.c:216:7:BME280_ReadPressure	352	static
../Core/Src/bme280.c:244:7:BME280_ReadHumidity	24	static
../Core/Src/bme280.c:269:7:BME280_ReadAltitude	24	static
../Core/Src/bme280.c:276:6:BME280_ReadReg_U24	16	static
../Core/Src/bme280.c:281:6:BME280_ReadReg_BE_U24	16	static
../Core/Src/bme280.c:286:6:BME280_ReadReg_BE_S16	16	static
