../Drivers/STM32WBxx_HAL_Driver/Inc/stm32wbxx_ll_rcc.h:1679:22:LL_RCC_LSE_SetDriveCapability	16	static
../Drivers/STM32WBxx_HAL_Driver/Inc/stm32wbxx_ll_bus.h:364:22:LL_AHB1_GRP1_EnableClock	24	static
../Drivers/STM32WBxx_HAL_Driver/Inc/stm32wbxx_ll_bus.h:539:22:LL_AHB2_GRP1_EnableClock	24	static
../Core/Src/main.c:115:5:main	24	static
../Core/Src/main.c:215:6:SystemClock_Config	112	static
../Core/Src/main.c:281:6:PeriphCommonClock_Config	88	static
../Core/Src/main.c:314:13:MX_ADC1_Init	8	static
../Core/Src/main.c:355:13:MX_I2C1_Init	8	static
../Core/Src/main.c:403:13:MX_I2C3_Init	8	static
../Core/Src/main.c:451:13:MX_IPCC_Init	8	static
../Core/Src/main.c:477:13:MX_RF_Init	4	static
../Core/Src/main.c:498:13:MX_RTC_Init	8	static
../Core/Src/main.c:541:13:MX_TIM1_Init	120	static
../Core/Src/main.c:623:13:MX_TIM2_Init	40	static
../Core/Src/main.c:668:6:MX_USART1_UART_Init	8	static
../Core/Src/main.c:716:13:MX_USB_PCD_Init	8	static
../Core/Src/main.c:747:13:MX_DMA_Init	8	static
../Core/Src/main.c:772:13:MX_GPIO_Init	32	static
../Core/Src/main.c:812:6:send_float_by_uart	16	static
../Core/Src/main.c:817:6:send_int_by_uart	16	static
../Core/Src/main.c:822:6:send_char_by_uart	16	static
../Core/Src/main.c:827:6:send_str_by_uart	16	static
../Core/Src/main.c:840:6:HAL_TIM_PeriodElapsedCallback	16	static
../Core/Src/main.c:879:9:get_to_notify	4	static
../Core/Src/main.c:883:6:notified	4	static
../Core/Src/main.c:892:6:Error_Handler	4	static,ignoring_inline_asm
