../Drivers/STM32WBxx_HAL_Driver/Inc/stm32wbxx_ll_bus.h:539:22:LL_AHB2_GRP1_EnableClock	24	static
../Core/Src/main.c:68:5:main	128	static
../Core/Src/main.c:179:6:SystemClock_Config	112	static
../Core/Src/main.c:225:6:PeriphCommonClock_Config	88	static
../Core/Src/main.c:249:13:MX_I2C1_Init	8	static
../Core/Src/main.c:297:13:MX_GPIO_Init	32	static
../Core/Src/main.c:320:8:user_i2c_read	24	static
../Core/Src/main.c:347:8:user_i2c_write	24	static
../Core/Src/main.c:378:6:Error_Handler	4	static,ignoring_inline_asm
